Γû▓ Next.js 16.2.6 (Turbopack)

  Creating an optimized production build ...
Γ£ô Compiled successfully in 6.9s
  Running TypeScript ...
  Finished TypeScript in 10.7s ...
  Collecting page data using 7 workers ...
  Generating static pages using 7 workers (0/21) ...
cmd : Error occurred prerendering page "/blog/bangladesh-rmg-2025-growth". 
Read more: https://nextjs.org/docs/messages/prerender-error
At line:1 char:1
+ cmd /c "npx next build" > build_output.log 2>&1 ; Get-Content build_o ...
+ ~~~~~~~~~~~~~~~~~~~~~~~~~~~~~~~~~~~~~~~~~~~~~~~
    + CategoryInfo          : NotSpecified: (Error occurred ...prerender-error 
   :String) [], RemoteException
    + FullyQualifiedErrorId : NativeCommandError
 
Error: Event handlers cannot be passed to Client Component props.
  {className: ..., onSubmit: function onSubmit, children: ...}
                             ^^^^^^^^^^^^^^^^^
If you need interactivity, consider converting part of this to a Client 
Component.
    at stringify (<anonymous>) {
  digest: '3970604801'
}
Export encountered an error on /blog/[slug]/page: 
/blog/bangladesh-rmg-2025-growth, exiting the build.
Γ¿» Next.js build worker exited with code: 1 and signal: null
